// Jest Snapshot v1, https://goo.gl/fbAQLP

exports[`Card should match a snapshot 1`] = `
ShallowWrapper {
  "length": 1,
  Symbol(enzyme.__root__): [Circular],
  Symbol(enzyme.__unrendered__): <Card
    statType="Percent"
    stats={
        Object {
            "2004": 0.24,
            "2005": 0.278,
            "2006": 0.337,
            "2007": 0.395,
            "2008": 0.536,
            "2009": 0.598,
            "2010": 0.64,
            "2011": 0.672,
            "2012": 0.695,
            "2013": 0.703,
            "2014": 0.741,
          }
    }
/>,
  Symbol(enzyme.__renderer__): Object {
    "batchedUpdates": [Function],
    "getNode": [Function],
    "render": [Function],
    "simulateEvent": [Function],
    "unmount": [Function],
  },
  Symbol(enzyme.__node__): Object {
    "instance": null,
    "key": undefined,
    "nodeType": "host",
    "props": Object {
      "children": Array [
        <header>
          <h2
                    className="district-title"
          />
</header>,
        <ul
          title="A checkmark indicates a value greater than 50%."
>
          <li
                    className="cardStats"
          >
                    <img
                              className="check"
                              src="none.gif"
                    />
                    <p
                              className="year"
                    >
                              2004
                              : 
                    </p>
                    <p
                              className="percent"
                    >
                              24%
                    </p>
          </li>
          <li
                    className="cardStats"
          >
                    <img
                              className="check"
                              src="none.gif"
                    />
                    <p
                              className="year"
                    >
                              2005
                              : 
                    </p>
                    <p
                              className="percent"
                    >
                              27%
                    </p>
          </li>
          <li
                    className="cardStats"
          >
                    <img
                              className="check"
                              src="none.gif"
                    />
                    <p
                              className="year"
                    >
                              2006
                              : 
                    </p>
                    <p
                              className="percent"
                    >
                              33%
                    </p>
          </li>
          <li
                    className="cardStats"
          >
                    <img
                              className="check"
                              src="none.gif"
                    />
                    <p
                              className="year"
                    >
                              2007
                              : 
                    </p>
                    <p
                              className="percent"
                    >
                              39%
                    </p>
          </li>
          <li
                    className="cardStats"
          >
                    <img
                              className="check"
                              src="check.png"
                    />
                    <p
                              className="year higher-achievement"
                    >
                              2008
                              : 
                    </p>
                    <p
                              className="year higher-achievement"
                    >
                              53%
                    </p>
          </li>
          <li
                    className="cardStats"
          >
                    <img
                              className="check"
                              src="check.png"
                    />
                    <p
                              className="year higher-achievement"
                    >
                              2009
                              : 
                    </p>
                    <p
                              className="year higher-achievement"
                    >
                              59%
                    </p>
          </li>
          <li
                    className="cardStats"
          >
                    <img
                              className="check"
                              src="check.png"
                    />
                    <p
                              className="year higher-achievement"
                    >
                              2010
                              : 
                    </p>
                    <p
                              className="year higher-achievement"
                    >
                              64%
                    </p>
          </li>
          <li
                    className="cardStats"
          >
                    <img
                              className="check"
                              src="check.png"
                    />
                    <p
                              className="year higher-achievement"
                    >
                              2011
                              : 
                    </p>
                    <p
                              className="year higher-achievement"
                    >
                              67%
                    </p>
          </li>
          <li
                    className="cardStats"
          >
                    <img
                              className="check"
                              src="check.png"
                    />
                    <p
                              className="year higher-achievement"
                    >
                              2012
                              : 
                    </p>
                    <p
                              className="year higher-achievement"
                    >
                              69%
                    </p>
          </li>
          <li
                    className="cardStats"
          >
                    <img
                              className="check"
                              src="check.png"
                    />
                    <p
                              className="year higher-achievement"
                    >
                              2013
                              : 
                    </p>
                    <p
                              className="year higher-achievement"
                    >
                              70%
                    </p>
          </li>
          <li
                    className="cardStats"
          >
                    <img
                              className="check"
                              src="check.png"
                    />
                    <p
                              className="year higher-achievement"
                    >
                              2014
                              : 
                    </p>
                    <p
                              className="year higher-achievement"
                    >
                              74%
                    </p>
          </li>
</ul>,
      ],
      "className": undefined,
      "onClick": [Function],
    },
    "ref": null,
    "rendered": Array [
      Object {
        "instance": null,
        "key": undefined,
        "nodeType": "host",
        "props": Object {
          "children": <h2
            className="district-title"
/>,
        },
        "ref": null,
        "rendered": Object {
          "instance": null,
          "key": undefined,
          "nodeType": "host",
          "props": Object {
            "children": undefined,
            "className": "district-title",
          },
          "ref": null,
          "rendered": null,
          "type": "h2",
        },
        "type": "header",
      },
      Object {
        "instance": null,
        "key": undefined,
        "nodeType": "host",
        "props": Object {
          "children": Array [
            <li
              className="cardStats"
>
              <img
                            className="check"
                            src="none.gif"
              />
              <p
                            className="year"
              >
                            2004
                            : 
              </p>
              <p
                            className="percent"
              >
                            24%
              </p>
</li>,
            <li
              className="cardStats"
>
              <img
                            className="check"
                            src="none.gif"
              />
              <p
                            className="year"
              >
                            2005
                            : 
              </p>
              <p
                            className="percent"
              >
                            27%
              </p>
</li>,
            <li
              className="cardStats"
>
              <img
                            className="check"
                            src="none.gif"
              />
              <p
                            className="year"
              >
                            2006
                            : 
              </p>
              <p
                            className="percent"
              >
                            33%
              </p>
</li>,
            <li
              className="cardStats"
>
              <img
                            className="check"
                            src="none.gif"
              />
              <p
                            className="year"
              >
                            2007
                            : 
              </p>
              <p
                            className="percent"
              >
                            39%
              </p>
</li>,
            <li
              className="cardStats"
>
              <img
                            className="check"
                            src="check.png"
              />
              <p
                            className="year higher-achievement"
              >
                            2008
                            : 
              </p>
              <p
                            className="year higher-achievement"
              >
                            53%
              </p>
</li>,
            <li
              className="cardStats"
>
              <img
                            className="check"
                            src="check.png"
              />
              <p
                            className="year higher-achievement"
              >
                            2009
                            : 
              </p>
              <p
                            className="year higher-achievement"
              >
                            59%
              </p>
</li>,
            <li
              className="cardStats"
>
              <img
                            className="check"
                            src="check.png"
              />
              <p
                            className="year higher-achievement"
              >
                            2010
                            : 
              </p>
              <p
                            className="year higher-achievement"
              >
                            64%
              </p>
</li>,
            <li
              className="cardStats"
>
              <img
                            className="check"
                            src="check.png"
              />
              <p
                            className="year higher-achievement"
              >
                            2011
                            : 
              </p>
              <p
                            className="year higher-achievement"
              >
                            67%
              </p>
</li>,
            <li
              className="cardStats"
>
              <img
                            className="check"
                            src="check.png"
              />
              <p
                            className="year higher-achievement"
              >
                            2012
                            : 
              </p>
              <p
                            className="year higher-achievement"
              >
                            69%
              </p>
</li>,
            <li
              className="cardStats"
>
              <img
                            className="check"
                            src="check.png"
              />
              <p
                            className="year higher-achievement"
              >
                            2013
                            : 
              </p>
              <p
                            className="year higher-achievement"
              >
                            70%
              </p>
</li>,
            <li
              className="cardStats"
>
              <img
                            className="check"
                            src="check.png"
              />
              <p
                            className="year higher-achievement"
              >
                            2014
                            : 
              </p>
              <p
                            className="year higher-achievement"
              >
                            74%
              </p>
</li>,
          ],
          "title": "A checkmark indicates a value greater than 50%.",
        },
        "ref": null,
        "rendered": Array [
          Object {
            "instance": null,
            "key": "2004",
            "nodeType": "host",
            "props": Object {
              "children": Array [
                <img
                  className="check"
                  src="none.gif"
/>,
                <p
                  className="year"
>
                  2004
                  : 
</p>,
                <p
                  className="percent"
>
                  24%
</p>,
              ],
              "className": "cardStats",
            },
            "ref": null,
            "rendered": Array [
              Object {
                "instance": null,
                "key": undefined,
                "nodeType": "host",
                "props": Object {
                  "className": "check",
                  "src": "none.gif",
                },
                "ref": null,
                "rendered": null,
                "type": "img",
              },
              Object {
                "instance": null,
                "key": undefined,
                "nodeType": "host",
                "props": Object {
                  "children": Array [
                    "2004",
                    ": ",
                  ],
                  "className": "year",
                },
                "ref": null,
                "rendered": Array [
                  "2004",
                  ": ",
                ],
                "type": "p",
              },
              Object {
                "instance": null,
                "key": undefined,
                "nodeType": "host",
                "props": Object {
                  "children": "24%",
                  "className": "percent",
                },
                "ref": null,
                "rendered": "24%",
                "type": "p",
              },
            ],
            "type": "li",
          },
          Object {
            "instance": null,
            "key": "2005",
            "nodeType": "host",
            "props": Object {
              "children": Array [
                <img
                  className="check"
                  src="none.gif"
/>,
                <p
                  className="year"
>
                  2005
                  : 
</p>,
                <p
                  className="percent"
>
                  27%
</p>,
              ],
              "className": "cardStats",
            },
            "ref": null,
            "rendered": Array [
              Object {
                "instance": null,
                "key": undefined,
                "nodeType": "host",
                "props": Object {
                  "className": "check",
                  "src": "none.gif",
                },
                "ref": null,
                "rendered": null,
                "type": "img",
              },
              Object {
                "instance": null,
                "key": undefined,
                "nodeType": "host",
                "props": Object {
                  "children": Array [
                    "2005",
                    ": ",
                  ],
                  "className": "year",
                },
                "ref": null,
                "rendered": Array [
                  "2005",
                  ": ",
                ],
                "type": "p",
              },
              Object {
                "instance": null,
                "key": undefined,
                "nodeType": "host",
                "props": Object {
                  "children": "27%",
                  "className": "percent",
                },
                "ref": null,
                "rendered": "27%",
                "type": "p",
              },
            ],
            "type": "li",
          },
          Object {
            "instance": null,
            "key": "2006",
            "nodeType": "host",
            "props": Object {
              "children": Array [
                <img
                  className="check"
                  src="none.gif"
/>,
                <p
                  className="year"
>
                  2006
                  : 
</p>,
                <p
                  className="percent"
>
                  33%
</p>,
              ],
              "className": "cardStats",
            },
            "ref": null,
            "rendered": Array [
              Object {
                "instance": null,
                "key": undefined,
                "nodeType": "host",
                "props": Object {
                  "className": "check",
                  "src": "none.gif",
                },
                "ref": null,
                "rendered": null,
                "type": "img",
              },
              Object {
                "instance": null,
                "key": undefined,
                "nodeType": "host",
                "props": Object {
                  "children": Array [
                    "2006",
                    ": ",
                  ],
                  "className": "year",
                },
                "ref": null,
                "rendered": Array [
                  "2006",
                  ": ",
                ],
                "type": "p",
              },
              Object {
                "instance": null,
                "key": undefined,
                "nodeType": "host",
                "props": Object {
                  "children": "33%",
                  "className": "percent",
                },
                "ref": null,
                "rendered": "33%",
                "type": "p",
              },
            ],
            "type": "li",
          },
          Object {
            "instance": null,
            "key": "2007",
            "nodeType": "host",
            "props": Object {
              "children": Array [
                <img
                  className="check"
                  src="none.gif"
/>,
                <p
                  className="year"
>
                  2007
                  : 
</p>,
                <p
                  className="percent"
>
                  39%
</p>,
              ],
              "className": "cardStats",
            },
            "ref": null,
            "rendered": Array [
              Object {
                "instance": null,
                "key": undefined,
                "nodeType": "host",
                "props": Object {
                  "className": "check",
                  "src": "none.gif",
                },
                "ref": null,
                "rendered": null,
                "type": "img",
              },
              Object {
                "instance": null,
                "key": undefined,
                "nodeType": "host",
                "props": Object {
                  "children": Array [
                    "2007",
                    ": ",
                  ],
                  "className": "year",
                },
                "ref": null,
                "rendered": Array [
                  "2007",
                  ": ",
                ],
                "type": "p",
              },
              Object {
                "instance": null,
                "key": undefined,
                "nodeType": "host",
                "props": Object {
                  "children": "39%",
                  "className": "percent",
                },
                "ref": null,
                "rendered": "39%",
                "type": "p",
              },
            ],
            "type": "li",
          },
          Object {
            "instance": null,
            "key": "2008",
            "nodeType": "host",
            "props": Object {
              "children": Array [
                <img
                  className="check"
                  src="check.png"
/>,
                <p
                  className="year higher-achievement"
>
                  2008
                  : 
</p>,
                <p
                  className="year higher-achievement"
>
                  53%
</p>,
              ],
              "className": "cardStats",
            },
            "ref": null,
            "rendered": Array [
              Object {
                "instance": null,
                "key": undefined,
                "nodeType": "host",
                "props": Object {
                  "className": "check",
                  "src": "check.png",
                },
                "ref": null,
                "rendered": null,
                "type": "img",
              },
              Object {
                "instance": null,
                "key": undefined,
                "nodeType": "host",
                "props": Object {
                  "children": Array [
                    "2008",
                    ": ",
                  ],
                  "className": "year higher-achievement",
                },
                "ref": null,
                "rendered": Array [
                  "2008",
                  ": ",
                ],
                "type": "p",
              },
              Object {
                "instance": null,
                "key": undefined,
                "nodeType": "host",
                "props": Object {
                  "children": "53%",
                  "className": "year higher-achievement",
                },
                "ref": null,
                "rendered": "53%",
                "type": "p",
              },
            ],
            "type": "li",
          },
          Object {
            "instance": null,
            "key": "2009",
            "nodeType": "host",
            "props": Object {
              "children": Array [
                <img
                  className="check"
                  src="check.png"
/>,
                <p
                  className="year higher-achievement"
>
                  2009
                  : 
</p>,
                <p
                  className="year higher-achievement"
>
                  59%
</p>,
              ],
              "className": "cardStats",
            },
            "ref": null,
            "rendered": Array [
              Object {
                "instance": null,
                "key": undefined,
                "nodeType": "host",
                "props": Object {
                  "className": "check",
                  "src": "check.png",
                },
                "ref": null,
                "rendered": null,
                "type": "img",
              },
              Object {
                "instance": null,
                "key": undefined,
                "nodeType": "host",
                "props": Object {
                  "children": Array [
                    "2009",
                    ": ",
                  ],
                  "className": "year higher-achievement",
                },
                "ref": null,
                "rendered": Array [
                  "2009",
                  ": ",
                ],
                "type": "p",
              },
              Object {
                "instance": null,
                "key": undefined,
                "nodeType": "host",
                "props": Object {
                  "children": "59%",
                  "className": "year higher-achievement",
                },
                "ref": null,
                "rendered": "59%",
                "type": "p",
              },
            ],
            "type": "li",
          },
          Object {
            "instance": null,
            "key": "2010",
            "nodeType": "host",
            "props": Object {
              "children": Array [
                <img
                  className="check"
                  src="check.png"
/>,
                <p
                  className="year higher-achievement"
>
                  2010
                  : 
</p>,
                <p
                  className="year higher-achievement"
>
                  64%
</p>,
              ],
              "className": "cardStats",
            },
            "ref": null,
            "rendered": Array [
              Object {
                "instance": null,
                "key": undefined,
                "nodeType": "host",
                "props": Object {
                  "className": "check",
                  "src": "check.png",
                },
                "ref": null,
                "rendered": null,
                "type": "img",
              },
              Object {
                "instance": null,
                "key": undefined,
                "nodeType": "host",
                "props": Object {
                  "children": Array [
                    "2010",
                    ": ",
                  ],
                  "className": "year higher-achievement",
                },
                "ref": null,
                "rendered": Array [
                  "2010",
                  ": ",
                ],
                "type": "p",
              },
              Object {
                "instance": null,
                "key": undefined,
                "nodeType": "host",
                "props": Object {
                  "children": "64%",
                  "className": "year higher-achievement",
                },
                "ref": null,
                "rendered": "64%",
                "type": "p",
              },
            ],
            "type": "li",
          },
          Object {
            "instance": null,
            "key": "2011",
            "nodeType": "host",
            "props": Object {
              "children": Array [
                <img
                  className="check"
                  src="check.png"
/>,
                <p
                  className="year higher-achievement"
>
                  2011
                  : 
</p>,
                <p
                  className="year higher-achievement"
>
                  67%
</p>,
              ],
              "className": "cardStats",
            },
            "ref": null,
            "rendered": Array [
              Object {
                "instance": null,
                "key": undefined,
                "nodeType": "host",
                "props": Object {
                  "className": "check",
                  "src": "check.png",
                },
                "ref": null,
                "rendered": null,
                "type": "img",
              },
              Object {
                "instance": null,
                "key": undefined,
                "nodeType": "host",
                "props": Object {
                  "children": Array [
                    "2011",
                    ": ",
                  ],
                  "className": "year higher-achievement",
                },
                "ref": null,
                "rendered": Array [
                  "2011",
                  ": ",
                ],
                "type": "p",
              },
              Object {
                "instance": null,
                "key": undefined,
                "nodeType": "host",
                "props": Object {
                  "children": "67%",
                  "className": "year higher-achievement",
                },
                "ref": null,
                "rendered": "67%",
                "type": "p",
              },
            ],
            "type": "li",
          },
          Object {
            "instance": null,
            "key": "2012",
            "nodeType": "host",
            "props": Object {
              "children": Array [
                <img
                  className="check"
                  src="check.png"
/>,
                <p
                  className="year higher-achievement"
>
                  2012
                  : 
</p>,
                <p
                  className="year higher-achievement"
>
                  69%
</p>,
              ],
              "className": "cardStats",
            },
            "ref": null,
            "rendered": Array [
              Object {
                "instance": null,
                "key": undefined,
                "nodeType": "host",
                "props": Object {
                  "className": "check",
                  "src": "check.png",
                },
                "ref": null,
                "rendered": null,
                "type": "img",
              },
              Object {
                "instance": null,
                "key": undefined,
                "nodeType": "host",
                "props": Object {
                  "children": Array [
                    "2012",
                    ": ",
                  ],
                  "className": "year higher-achievement",
                },
                "ref": null,
                "rendered": Array [
                  "2012",
                  ": ",
                ],
                "type": "p",
              },
              Object {
                "instance": null,
                "key": undefined,
                "nodeType": "host",
                "props": Object {
                  "children": "69%",
                  "className": "year higher-achievement",
                },
                "ref": null,
                "rendered": "69%",
                "type": "p",
              },
            ],
            "type": "li",
          },
          Object {
            "instance": null,
            "key": "2013",
            "nodeType": "host",
            "props": Object {
              "children": Array [
                <img
                  className="check"
                  src="check.png"
/>,
                <p
                  className="year higher-achievement"
>
                  2013
                  : 
</p>,
                <p
                  className="year higher-achievement"
>
                  70%
</p>,
              ],
              "className": "cardStats",
            },
            "ref": null,
            "rendered": Array [
              Object {
                "instance": null,
                "key": undefined,
                "nodeType": "host",
                "props": Object {
                  "className": "check",
                  "src": "check.png",
                },
                "ref": null,
                "rendered": null,
                "type": "img",
              },
              Object {
                "instance": null,
                "key": undefined,
                "nodeType": "host",
                "props": Object {
                  "children": Array [
                    "2013",
                    ": ",
                  ],
                  "className": "year higher-achievement",
                },
                "ref": null,
                "rendered": Array [
                  "2013",
                  ": ",
                ],
                "type": "p",
              },
              Object {
                "instance": null,
                "key": undefined,
                "nodeType": "host",
                "props": Object {
                  "children": "70%",
                  "className": "year higher-achievement",
                },
                "ref": null,
                "rendered": "70%",
                "type": "p",
              },
            ],
            "type": "li",
          },
          Object {
            "instance": null,
            "key": "2014",
            "nodeType": "host",
            "props": Object {
              "children": Array [
                <img
                  className="check"
                  src="check.png"
/>,
                <p
                  className="year higher-achievement"
>
                  2014
                  : 
</p>,
                <p
                  className="year higher-achievement"
>
                  74%
</p>,
              ],
              "className": "cardStats",
            },
            "ref": null,
            "rendered": Array [
              Object {
                "instance": null,
                "key": undefined,
                "nodeType": "host",
                "props": Object {
                  "className": "check",
                  "src": "check.png",
                },
                "ref": null,
                "rendered": null,
                "type": "img",
              },
              Object {
                "instance": null,
                "key": undefined,
                "nodeType": "host",
                "props": Object {
                  "children": Array [
                    "2014",
                    ": ",
                  ],
                  "className": "year higher-achievement",
                },
                "ref": null,
                "rendered": Array [
                  "2014",
                  ": ",
                ],
                "type": "p",
              },
              Object {
                "instance": null,
                "key": undefined,
                "nodeType": "host",
                "props": Object {
                  "children": "74%",
                  "className": "year higher-achievement",
                },
                "ref": null,
                "rendered": "74%",
                "type": "p",
              },
            ],
            "type": "li",
          },
        ],
        "type": "ul",
      },
    ],
    "type": "div",
  },
  Symbol(enzyme.__nodes__): Array [
    Object {
      "instance": null,
      "key": undefined,
      "nodeType": "host",
      "props": Object {
        "children": Array [
          <header>
            <h2
                        className="district-title"
            />
</header>,
          <ul
            title="A checkmark indicates a value greater than 50%."
>
            <li
                        className="cardStats"
            >
                        <img
                                    className="check"
                                    src="none.gif"
                        />
                        <p
                                    className="year"
                        >
                                    2004
                                    : 
                        </p>
                        <p
                                    className="percent"
                        >
                                    24%
                        </p>
            </li>
            <li
                        className="cardStats"
            >
                        <img
                                    className="check"
                                    src="none.gif"
                        />
                        <p
                                    className="year"
                        >
                                    2005
                                    : 
                        </p>
                        <p
                                    className="percent"
                        >
                                    27%
                        </p>
            </li>
            <li
                        className="cardStats"
            >
                        <img
                                    className="check"
                                    src="none.gif"
                        />
                        <p
                                    className="year"
                        >
                                    2006
                                    : 
                        </p>
                        <p
                                    className="percent"
                        >
                                    33%
                        </p>
            </li>
            <li
                        className="cardStats"
            >
                        <img
                                    className="check"
                                    src="none.gif"
                        />
                        <p
                                    className="year"
                        >
                                    2007
                                    : 
                        </p>
                        <p
                                    className="percent"
                        >
                                    39%
                        </p>
            </li>
            <li
                        className="cardStats"
            >
                        <img
                                    className="check"
                                    src="check.png"
                        />
                        <p
                                    className="year higher-achievement"
                        >
                                    2008
                                    : 
                        </p>
                        <p
                                    className="year higher-achievement"
                        >
                                    53%
                        </p>
            </li>
            <li
                        className="cardStats"
            >
                        <img
                                    className="check"
                                    src="check.png"
                        />
                        <p
                                    className="year higher-achievement"
                        >
                                    2009
                                    : 
                        </p>
                        <p
                                    className="year higher-achievement"
                        >
                                    59%
                        </p>
            </li>
            <li
                        className="cardStats"
            >
                        <img
                                    className="check"
                                    src="check.png"
                        />
                        <p
                                    className="year higher-achievement"
                        >
                                    2010
                                    : 
                        </p>
                        <p
                                    className="year higher-achievement"
                        >
                                    64%
                        </p>
            </li>
            <li
                        className="cardStats"
            >
                        <img
                                    className="check"
                                    src="check.png"
                        />
                        <p
                                    className="year higher-achievement"
                        >
                                    2011
                                    : 
                        </p>
                        <p
                                    className="year higher-achievement"
                        >
                                    67%
                        </p>
            </li>
            <li
                        className="cardStats"
            >
                        <img
                                    className="check"
                                    src="check.png"
                        />
                        <p
                                    className="year higher-achievement"
                        >
                                    2012
                                    : 
                        </p>
                        <p
                                    className="year higher-achievement"
                        >
                                    69%
                        </p>
            </li>
            <li
                        className="cardStats"
            >
                        <img
                                    className="check"
                                    src="check.png"
                        />
                        <p
                                    className="year higher-achievement"
                        >
                                    2013
                                    : 
                        </p>
                        <p
                                    className="year higher-achievement"
                        >
                                    70%
                        </p>
            </li>
            <li
                        className="cardStats"
            >
                        <img
                                    className="check"
                                    src="check.png"
                        />
                        <p
                                    className="year higher-achievement"
                        >
                                    2014
                                    : 
                        </p>
                        <p
                                    className="year higher-achievement"
                        >
                                    74%
                        </p>
            </li>
</ul>,
        ],
        "className": undefined,
        "onClick": [Function],
      },
      "ref": null,
      "rendered": Array [
        Object {
          "instance": null,
          "key": undefined,
          "nodeType": "host",
          "props": Object {
            "children": <h2
              className="district-title"
/>,
          },
          "ref": null,
          "rendered": Object {
            "instance": null,
            "key": undefined,
            "nodeType": "host",
            "props": Object {
              "children": undefined,
              "className": "district-title",
            },
            "ref": null,
            "rendered": null,
            "type": "h2",
          },
          "type": "header",
        },
        Object {
          "instance": null,
          "key": undefined,
          "nodeType": "host",
          "props": Object {
            "children": Array [
              <li
                className="cardStats"
>
                <img
                                className="check"
                                src="none.gif"
                />
                <p
                                className="year"
                >
                                2004
                                : 
                </p>
                <p
                                className="percent"
                >
                                24%
                </p>
</li>,
              <li
                className="cardStats"
>
                <img
                                className="check"
                                src="none.gif"
                />
                <p
                                className="year"
                >
                                2005
                                : 
                </p>
                <p
                                className="percent"
                >
                                27%
                </p>
</li>,
              <li
                className="cardStats"
>
                <img
                                className="check"
                                src="none.gif"
                />
                <p
                                className="year"
                >
                                2006
                                : 
                </p>
                <p
                                className="percent"
                >
                                33%
                </p>
</li>,
              <li
                className="cardStats"
>
                <img
                                className="check"
                                src="none.gif"
                />
                <p
                                className="year"
                >
                                2007
                                : 
                </p>
                <p
                                className="percent"
                >
                                39%
                </p>
</li>,
              <li
                className="cardStats"
>
                <img
                                className="check"
                                src="check.png"
                />
                <p
                                className="year higher-achievement"
                >
                                2008
                                : 
                </p>
                <p
                                className="year higher-achievement"
                >
                                53%
                </p>
</li>,
              <li
                className="cardStats"
>
                <img
                                className="check"
                                src="check.png"
                />
                <p
                                className="year higher-achievement"
                >
                                2009
                                : 
                </p>
                <p
                                className="year higher-achievement"
                >
                                59%
                </p>
</li>,
              <li
                className="cardStats"
>
                <img
                                className="check"
                                src="check.png"
                />
                <p
                                className="year higher-achievement"
                >
                                2010
                                : 
                </p>
                <p
                                className="year higher-achievement"
                >
                                64%
                </p>
</li>,
              <li
                className="cardStats"
>
                <img
                                className="check"
                                src="check.png"
                />
                <p
                                className="year higher-achievement"
                >
                                2011
                                : 
                </p>
                <p
                                className="year higher-achievement"
                >
                                67%
                </p>
</li>,
              <li
                className="cardStats"
>
                <img
                                className="check"
                                src="check.png"
                />
                <p
                                className="year higher-achievement"
                >
                                2012
                                : 
                </p>
                <p
                                className="year higher-achievement"
                >
                                69%
                </p>
</li>,
              <li
                className="cardStats"
>
                <img
                                className="check"
                                src="check.png"
                />
                <p
                                className="year higher-achievement"
                >
                                2013
                                : 
                </p>
                <p
                                className="year higher-achievement"
                >
                                70%
                </p>
</li>,
              <li
                className="cardStats"
>
                <img
                                className="check"
                                src="check.png"
                />
                <p
                                className="year higher-achievement"
                >
                                2014
                                : 
                </p>
                <p
                                className="year higher-achievement"
                >
                                74%
                </p>
</li>,
            ],
            "title": "A checkmark indicates a value greater than 50%.",
          },
          "ref": null,
          "rendered": Array [
            Object {
              "instance": null,
              "key": "2004",
              "nodeType": "host",
              "props": Object {
                "children": Array [
                  <img
                    className="check"
                    src="none.gif"
/>,
                  <p
                    className="year"
>
                    2004
                    : 
</p>,
                  <p
                    className="percent"
>
                    24%
</p>,
                ],
                "className": "cardStats",
              },
              "ref": null,
              "rendered": Array [
                Object {
                  "instance": null,
                  "key": undefined,
                  "nodeType": "host",
                  "props": Object {
                    "className": "check",
                    "src": "none.gif",
                  },
                  "ref": null,
                  "rendered": null,
                  "type": "img",
                },
                Object {
                  "instance": null,
                  "key": undefined,
                  "nodeType": "host",
                  "props": Object {
                    "children": Array [
                      "2004",
                      ": ",
                    ],
                    "className": "year",
                  },
                  "ref": null,
                  "rendered": Array [
                    "2004",
                    ": ",
                  ],
                  "type": "p",
                },
                Object {
                  "instance": null,
                  "key": undefined,
                  "nodeType": "host",
                  "props": Object {
                    "children": "24%",
                    "className": "percent",
                  },
                  "ref": null,
                  "rendered": "24%",
                  "type": "p",
                },
              ],
              "type": "li",
            },
            Object {
              "instance": null,
              "key": "2005",
              "nodeType": "host",
              "props": Object {
                "children": Array [
                  <img
                    className="check"
                    src="none.gif"
/>,
                  <p
                    className="year"
>
                    2005
                    : 
</p>,
                  <p
                    className="percent"
>
                    27%
</p>,
                ],
                "className": "cardStats",
              },
              "ref": null,
              "rendered": Array [
                Object {
                  "instance": null,
                  "key": undefined,
                  "nodeType": "host",
                  "props": Object {
                    "className": "check",
                    "src": "none.gif",
                  },
                  "ref": null,
                  "rendered": null,
                  "type": "img",
                },
                Object {
                  "instance": null,
                  "key": undefined,
                  "nodeType": "host",
                  "props": Object {
                    "children": Array [
                      "2005",
                      ": ",
                    ],
                    "className": "year",
                  },
                  "ref": null,
                  "rendered": Array [
                    "2005",
                    ": ",
                  ],
                  "type": "p",
                },
                Object {
                  "instance": null,
                  "key": undefined,
                  "nodeType": "host",
                  "props": Object {
                    "children": "27%",
                    "className": "percent",
                  },
                  "ref": null,
                  "rendered": "27%",
                  "type": "p",
                },
              ],
              "type": "li",
            },
            Object {
              "instance": null,
              "key": "2006",
              "nodeType": "host",
              "props": Object {
                "children": Array [
                  <img
                    className="check"
                    src="none.gif"
/>,
                  <p
                    className="year"
>
                    2006
                    : 
</p>,
                  <p
                    className="percent"
>
                    33%
</p>,
                ],
                "className": "cardStats",
              },
              "ref": null,
              "rendered": Array [
                Object {
                  "instance": null,
                  "key": undefined,
                  "nodeType": "host",
                  "props": Object {
                    "className": "check",
                    "src": "none.gif",
                  },
                  "ref": null,
                  "rendered": null,
                  "type": "img",
                },
                Object {
                  "instance": null,
                  "key": undefined,
                  "nodeType": "host",
                  "props": Object {
                    "children": Array [
                      "2006",
                      ": ",
                    ],
                    "className": "year",
                  },
                  "ref": null,
                  "rendered": Array [
                    "2006",
                    ": ",
                  ],
                  "type": "p",
                },
                Object {
                  "instance": null,
                  "key": undefined,
                  "nodeType": "host",
                  "props": Object {
                    "children": "33%",
                    "className": "percent",
                  },
                  "ref": null,
                  "rendered": "33%",
                  "type": "p",
                },
              ],
              "type": "li",
            },
            Object {
              "instance": null,
              "key": "2007",
              "nodeType": "host",
              "props": Object {
                "children": Array [
                  <img
                    className="check"
                    src="none.gif"
/>,
                  <p
                    className="year"
>
                    2007
                    : 
</p>,
                  <p
                    className="percent"
>
                    39%
</p>,
                ],
                "className": "cardStats",
              },
              "ref": null,
              "rendered": Array [
                Object {
                  "instance": null,
                  "key": undefined,
                  "nodeType": "host",
                  "props": Object {
                    "className": "check",
                    "src": "none.gif",
                  },
                  "ref": null,
                  "rendered": null,
                  "type": "img",
                },
                Object {
                  "instance": null,
                  "key": undefined,
                  "nodeType": "host",
                  "props": Object {
                    "children": Array [
                      "2007",
                      ": ",
                    ],
                    "className": "year",
                  },
                  "ref": null,
                  "rendered": Array [
                    "2007",
                    ": ",
                  ],
                  "type": "p",
                },
                Object {
                  "instance": null,
                  "key": undefined,
                  "nodeType": "host",
                  "props": Object {
                    "children": "39%",
                    "className": "percent",
                  },
                  "ref": null,
                  "rendered": "39%",
                  "type": "p",
                },
              ],
              "type": "li",
            },
            Object {
              "instance": null,
              "key": "2008",
              "nodeType": "host",
              "props": Object {
                "children": Array [
                  <img
                    className="check"
                    src="check.png"
/>,
                  <p
                    className="year higher-achievement"
>
                    2008
                    : 
</p>,
                  <p
                    className="year higher-achievement"
>
                    53%
</p>,
                ],
                "className": "cardStats",
              },
              "ref": null,
              "rendered": Array [
                Object {
                  "instance": null,
                  "key": undefined,
                  "nodeType": "host",
                  "props": Object {
                    "className": "check",
                    "src": "check.png",
                  },
                  "ref": null,
                  "rendered": null,
                  "type": "img",
                },
                Object {
                  "instance": null,
                  "key": undefined,
                  "nodeType": "host",
                  "props": Object {
                    "children": Array [
                      "2008",
                      ": ",
                    ],
                    "className": "year higher-achievement",
                  },
                  "ref": null,
                  "rendered": Array [
                    "2008",
                    ": ",
                  ],
                  "type": "p",
                },
                Object {
                  "instance": null,
                  "key": undefined,
                  "nodeType": "host",
                  "props": Object {
                    "children": "53%",
                    "className": "year higher-achievement",
                  },
                  "ref": null,
                  "rendered": "53%",
                  "type": "p",
                },
              ],
              "type": "li",
            },
            Object {
              "instance": null,
              "key": "2009",
              "nodeType": "host",
              "props": Object {
                "children": Array [
                  <img
                    className="check"
                    src="check.png"
/>,
                  <p
                    className="year higher-achievement"
>
                    2009
                    : 
</p>,
                  <p
                    className="year higher-achievement"
>
                    59%
</p>,
                ],
                "className": "cardStats",
              },
              "ref": null,
              "rendered": Array [
                Object {
                  "instance": null,
                  "key": undefined,
                  "nodeType": "host",
                  "props": Object {
                    "className": "check",
                    "src": "check.png",
                  },
                  "ref": null,
                  "rendered": null,
                  "type": "img",
                },
                Object {
                  "instance": null,
                  "key": undefined,
                  "nodeType": "host",
                  "props": Object {
                    "children": Array [
                      "2009",
                      ": ",
                    ],
                    "className": "year higher-achievement",
                  },
                  "ref": null,
                  "rendered": Array [
                    "2009",
                    ": ",
                  ],
                  "type": "p",
                },
                Object {
                  "instance": null,
                  "key": undefined,
                  "nodeType": "host",
                  "props": Object {
                    "children": "59%",
                    "className": "year higher-achievement",
                  },
                  "ref": null,
                  "rendered": "59%",
                  "type": "p",
                },
              ],
              "type": "li",
            },
            Object {
              "instance": null,
              "key": "2010",
              "nodeType": "host",
              "props": Object {
                "children": Array [
                  <img
                    className="check"
                    src="check.png"
/>,
                  <p
                    className="year higher-achievement"
>
                    2010
                    : 
</p>,
                  <p
                    className="year higher-achievement"
>
                    64%
</p>,
                ],
                "className": "cardStats",
              },
              "ref": null,
              "rendered": Array [
                Object {
                  "instance": null,
                  "key": undefined,
                  "nodeType": "host",
                  "props": Object {
                    "className": "check",
                    "src": "check.png",
                  },
                  "ref": null,
                  "rendered": null,
                  "type": "img",
                },
                Object {
                  "instance": null,
                  "key": undefined,
                  "nodeType": "host",
                  "props": Object {
                    "children": Array [
                      "2010",
                      ": ",
                    ],
                    "className": "year higher-achievement",
                  },
                  "ref": null,
                  "rendered": Array [
                    "2010",
                    ": ",
                  ],
                  "type": "p",
                },
                Object {
                  "instance": null,
                  "key": undefined,
                  "nodeType": "host",
                  "props": Object {
                    "children": "64%",
                    "className": "year higher-achievement",
                  },
                  "ref": null,
                  "rendered": "64%",
                  "type": "p",
                },
              ],
              "type": "li",
            },
            Object {
              "instance": null,
              "key": "2011",
              "nodeType": "host",
              "props": Object {
                "children": Array [
                  <img
                    className="check"
                    src="check.png"
/>,
                  <p
                    className="year higher-achievement"
>
                    2011
                    : 
</p>,
                  <p
                    className="year higher-achievement"
>
                    67%
</p>,
                ],
                "className": "cardStats",
              },
              "ref": null,
              "rendered": Array [
                Object {
                  "instance": null,
                  "key": undefined,
                  "nodeType": "host",
                  "props": Object {
                    "className": "check",
                    "src": "check.png",
                  },
                  "ref": null,
                  "rendered": null,
                  "type": "img",
                },
                Object {
                  "instance": null,
                  "key": undefined,
                  "nodeType": "host",
                  "props": Object {
                    "children": Array [
                      "2011",
                      ": ",
                    ],
                    "className": "year higher-achievement",
                  },
                  "ref": null,
                  "rendered": Array [
                    "2011",
                    ": ",
                  ],
                  "type": "p",
                },
                Object {
                  "instance": null,
                  "key": undefined,
                  "nodeType": "host",
                  "props": Object {
                    "children": "67%",
                    "className": "year higher-achievement",
                  },
                  "ref": null,
                  "rendered": "67%",
                  "type": "p",
                },
              ],
              "type": "li",
            },
            Object {
              "instance": null,
              "key": "2012",
              "nodeType": "host",
              "props": Object {
                "children": Array [
                  <img
                    className="check"
                    src="check.png"
/>,
                  <p
                    className="year higher-achievement"
>
                    2012
                    : 
</p>,
                  <p
                    className="year higher-achievement"
>
                    69%
</p>,
                ],
                "className": "cardStats",
              },
              "ref": null,
              "rendered": Array [
                Object {
                  "instance": null,
                  "key": undefined,
                  "nodeType": "host",
                  "props": Object {
                    "className": "check",
                    "src": "check.png",
                  },
                  "ref": null,
                  "rendered": null,
                  "type": "img",
                },
                Object {
                  "instance": null,
                  "key": undefined,
                  "nodeType": "host",
                  "props": Object {
                    "children": Array [
                      "2012",
                      ": ",
                    ],
                    "className": "year higher-achievement",
                  },
                  "ref": null,
                  "rendered": Array [
                    "2012",
                    ": ",
                  ],
                  "type": "p",
                },
                Object {
                  "instance": null,
                  "key": undefined,
                  "nodeType": "host",
                  "props": Object {
                    "children": "69%",
                    "className": "year higher-achievement",
                  },
                  "ref": null,
                  "rendered": "69%",
                  "type": "p",
                },
              ],
              "type": "li",
            },
            Object {
              "instance": null,
              "key": "2013",
              "nodeType": "host",
              "props": Object {
                "children": Array [
                  <img
                    className="check"
                    src="check.png"
/>,
                  <p
                    className="year higher-achievement"
>
                    2013
                    : 
</p>,
                  <p
                    className="year higher-achievement"
>
                    70%
</p>,
                ],
                "className": "cardStats",
              },
              "ref": null,
              "rendered": Array [
                Object {
                  "instance": null,
                  "key": undefined,
                  "nodeType": "host",
                  "props": Object {
                    "className": "check",
                    "src": "check.png",
                  },
                  "ref": null,
                  "rendered": null,
                  "type": "img",
                },
                Object {
                  "instance": null,
                  "key": undefined,
                  "nodeType": "host",
                  "props": Object {
                    "children": Array [
                      "2013",
                      ": ",
                    ],
                    "className": "year higher-achievement",
                  },
                  "ref": null,
                  "rendered": Array [
                    "2013",
                    ": ",
                  ],
                  "type": "p",
                },
                Object {
                  "instance": null,
                  "key": undefined,
                  "nodeType": "host",
                  "props": Object {
                    "children": "70%",
                    "className": "year higher-achievement",
                  },
                  "ref": null,
                  "rendered": "70%",
                  "type": "p",
                },
              ],
              "type": "li",
            },
            Object {
              "instance": null,
              "key": "2014",
              "nodeType": "host",
              "props": Object {
                "children": Array [
                  <img
                    className="check"
                    src="check.png"
/>,
                  <p
                    className="year higher-achievement"
>
                    2014
                    : 
</p>,
                  <p
                    className="year higher-achievement"
>
                    74%
</p>,
                ],
                "className": "cardStats",
              },
              "ref": null,
              "rendered": Array [
                Object {
                  "instance": null,
                  "key": undefined,
                  "nodeType": "host",
                  "props": Object {
                    "className": "check",
                    "src": "check.png",
                  },
                  "ref": null,
                  "rendered": null,
                  "type": "img",
                },
                Object {
                  "instance": null,
                  "key": undefined,
                  "nodeType": "host",
                  "props": Object {
                    "children": Array [
                      "2014",
                      ": ",
                    ],
                    "className": "year higher-achievement",
                  },
                  "ref": null,
                  "rendered": Array [
                    "2014",
                    ": ",
                  ],
                  "type": "p",
                },
                Object {
                  "instance": null,
                  "key": undefined,
                  "nodeType": "host",
                  "props": Object {
                    "children": "74%",
                    "className": "year higher-achievement",
                  },
                  "ref": null,
                  "rendered": "74%",
                  "type": "p",
                },
              ],
              "type": "li",
            },
          ],
          "type": "ul",
        },
      ],
      "type": "div",
    },
  ],
  Symbol(enzyme.__options__): Object {
    "adapter": ReactSixteenAdapter {
      "options": Object {
        "enableComponentDidUpdateOnSetState": true,
      },
    },
  },
}
`;
