// Jest Snapshot v1, https://goo.gl/fbAQLP

exports[`Card should match a snapshot 1`] = `
ShallowWrapper {
  "length": 1,
  Symbol(enzyme.__root__): [Circular],
  Symbol(enzyme.__unrendered__): <Card
    data={
        Object {
            "2004": 0.24,
            "2005": 0.578,
          }
    }
/>,
  Symbol(enzyme.__renderer__): Object {
    "batchedUpdates": [Function],
    "getNode": [Function],
    "render": [Function],
    "simulateEvent": [Function],
    "unmount": [Function],
  },
  Symbol(enzyme.__node__): Object {
    "instance": null,
    "key": undefined,
    "nodeType": "host",
    "props": Object {
      "children": Array [
        <h2 />,
        Array [
          <p>
            2004
            : 
            0.24
</p>,
          <p
            className="goodSchool"
>
            2005
            : 
            0.58
</p>,
        ],
      ],
      "className": undefined,
      "onClick": [Function],
    },
    "ref": null,
    "rendered": Array [
      Object {
        "instance": null,
        "key": undefined,
        "nodeType": "host",
        "props": Object {
          "children": undefined,
        },
        "ref": null,
        "rendered": null,
        "type": "h2",
      },
      Object {
        "instance": null,
        "key": "2004",
        "nodeType": "host",
        "props": Object {
          "children": Array [
            "2004",
            ": ",
            0.24,
          ],
        },
        "ref": null,
        "rendered": Array [
          "2004",
          ": ",
          0.24,
        ],
        "type": "p",
      },
      Object {
        "instance": null,
        "key": "2005",
        "nodeType": "host",
        "props": Object {
          "children": Array [
            "2005",
            ": ",
            0.58,
          ],
          "className": "goodSchool",
        },
        "ref": null,
        "rendered": Array [
          "2005",
          ": ",
          0.58,
        ],
        "type": "p",
      },
    ],
    "type": "div",
  },
  Symbol(enzyme.__nodes__): Array [
    Object {
      "instance": null,
      "key": undefined,
      "nodeType": "host",
      "props": Object {
        "children": Array [
          <h2 />,
          Array [
            <p>
              2004
              : 
              0.24
</p>,
            <p
              className="goodSchool"
>
              2005
              : 
              0.58
</p>,
          ],
        ],
        "className": undefined,
        "onClick": [Function],
      },
      "ref": null,
      "rendered": Array [
        Object {
          "instance": null,
          "key": undefined,
          "nodeType": "host",
          "props": Object {
            "children": undefined,
          },
          "ref": null,
          "rendered": null,
          "type": "h2",
        },
        Object {
          "instance": null,
          "key": "2004",
          "nodeType": "host",
          "props": Object {
            "children": Array [
              "2004",
              ": ",
              0.24,
            ],
          },
          "ref": null,
          "rendered": Array [
            "2004",
            ": ",
            0.24,
          ],
          "type": "p",
        },
        Object {
          "instance": null,
          "key": "2005",
          "nodeType": "host",
          "props": Object {
            "children": Array [
              "2005",
              ": ",
              0.58,
            ],
            "className": "goodSchool",
          },
          "ref": null,
          "rendered": Array [
            "2005",
            ": ",
            0.58,
          ],
          "type": "p",
        },
      ],
      "type": "div",
    },
  ],
  Symbol(enzyme.__options__): Object {
    "adapter": ReactSixteenAdapter {
      "options": Object {
        "enableComponentDidUpdateOnSetState": true,
      },
    },
  },
}
`;
