// Jest Snapshot v1, https://goo.gl/fbAQLP

exports[`ComparisonContainer should match the snapshot 1`] = `
ShallowWrapper {
  "length": 1,
  Symbol(enzyme.__root__): [Circular],
  Symbol(enzyme.__unrendered__): <ComparisonContainer
    selectedCards={
        Array [
            Object {
              "data": Object {
                "2004": 0.24,
                "2005": 0.278,
                "2006": 0.337,
                "2007": 0.395,
                "2008": 0.536,
                "2009": 0.598,
                "2010": 0.64,
                "2011": 0.672,
                "2012": 0.695,
                "2013": 0.703,
                "2014": 0.741,
              },
              "location": "COLORADO",
            },
            Object {
              "data": Object {
                "2004": 0.24,
                "2005": 0.278,
                "2006": 0.337,
                "2007": 0.395,
                "2008": 0.536,
                "2009": 0.598,
                "2010": 0.64,
                "2011": 0.672,
                "2012": 0.695,
                "2013": 0.703,
                "2014": 0.741,
              },
              "location": "ACADEMY 20",
            },
            Object {
              "data": Object {
                "2004": 0.24,
                "2005": 0.278,
                "2006": 0.337,
                "2007": 0.395,
                "2008": 0.536,
                "2009": 0.598,
                "2010": 0.64,
                "2011": 0.672,
                "2012": 0.695,
                "2013": 0.703,
                "2014": 0.741,
              },
              "location": "ADAMS COUNTY 14",
            },
            Object {
              "data": Object {
                "2004": 0.24,
                "2005": 0.278,
                "2006": 0.337,
                "2007": 0.395,
                "2008": 0.536,
                "2009": 0.598,
                "2010": 0.64,
                "2011": 0.672,
                "2012": 0.695,
                "2013": 0.703,
                "2014": 0.741,
              },
              "location": "ADAMS-ARAPAHOE 28J",
            },
            Object {
              "data": Object {
                "2004": 0.24,
                "2005": 0.278,
                "2006": 0.337,
                "2007": 0.395,
                "2008": 0.536,
                "2009": 0.598,
                "2010": 0.64,
                "2011": 0.672,
                "2012": 0.695,
                "2013": 0.703,
                "2014": 0.741,
              },
              "location": "AGATE 300",
            },
          ]
    }
/>,
  Symbol(enzyme.__renderer__): Object {
    "batchedUpdates": [Function],
    "getNode": [Function],
    "render": [Function],
    "simulateEvent": [Function],
    "unmount": [Function],
  },
  Symbol(enzyme.__node__): Object {
    "instance": null,
    "key": undefined,
    "nodeType": "host",
    "props": Object {
      "children": Array [
        <Card
          className="card clicked"
          data={
                    Object {
                              "2004": 0.24,
                              "2005": 0.278,
                              "2006": 0.337,
                              "2007": 0.395,
                              "2008": 0.536,
                              "2009": 0.598,
                              "2010": 0.64,
                              "2011": 0.672,
                              "2012": 0.695,
                              "2013": 0.703,
                              "2014": 0.741,
                            }
          }
          deselectCard={undefined}
          location="COLORADO"
          selectCard={undefined}
/>,
        false,
        <Card
          className="card clicked"
          data={
                    Object {
                              "2004": 0.24,
                              "2005": 0.278,
                              "2006": 0.337,
                              "2007": 0.395,
                              "2008": 0.536,
                              "2009": 0.598,
                              "2010": 0.64,
                              "2011": 0.672,
                              "2012": 0.695,
                              "2013": 0.703,
                              "2014": 0.741,
                            }
          }
          deselectCard={undefined}
          location="ACADEMY 20"
          selectCard={undefined}
/>,
      ],
      "className": "comparison-container",
    },
    "ref": null,
    "rendered": Array [
      Object {
        "instance": null,
        "key": "COLORADO",
        "nodeType": "class",
        "props": Object {
          "className": "card clicked",
          "data": Object {
            "2004": 0.24,
            "2005": 0.278,
            "2006": 0.337,
            "2007": 0.395,
            "2008": 0.536,
            "2009": 0.598,
            "2010": 0.64,
            "2011": 0.672,
            "2012": 0.695,
            "2013": 0.703,
            "2014": 0.741,
          },
          "deselectCard": undefined,
          "location": "COLORADO",
          "selectCard": undefined,
        },
        "ref": null,
        "rendered": null,
        "type": [Function],
      },
      false,
      Object {
        "instance": null,
        "key": "ACADEMY 20",
        "nodeType": "class",
        "props": Object {
          "className": "card clicked",
          "data": Object {
            "2004": 0.24,
            "2005": 0.278,
            "2006": 0.337,
            "2007": 0.395,
            "2008": 0.536,
            "2009": 0.598,
            "2010": 0.64,
            "2011": 0.672,
            "2012": 0.695,
            "2013": 0.703,
            "2014": 0.741,
          },
          "deselectCard": undefined,
          "location": "ACADEMY 20",
          "selectCard": undefined,
        },
        "ref": null,
        "rendered": null,
        "type": [Function],
      },
    ],
    "type": "div",
  },
  Symbol(enzyme.__nodes__): Array [
    Object {
      "instance": null,
      "key": undefined,
      "nodeType": "host",
      "props": Object {
        "children": Array [
          <Card
            className="card clicked"
            data={
                        Object {
                                    "2004": 0.24,
                                    "2005": 0.278,
                                    "2006": 0.337,
                                    "2007": 0.395,
                                    "2008": 0.536,
                                    "2009": 0.598,
                                    "2010": 0.64,
                                    "2011": 0.672,
                                    "2012": 0.695,
                                    "2013": 0.703,
                                    "2014": 0.741,
                                  }
            }
            deselectCard={undefined}
            location="COLORADO"
            selectCard={undefined}
/>,
          false,
          <Card
            className="card clicked"
            data={
                        Object {
                                    "2004": 0.24,
                                    "2005": 0.278,
                                    "2006": 0.337,
                                    "2007": 0.395,
                                    "2008": 0.536,
                                    "2009": 0.598,
                                    "2010": 0.64,
                                    "2011": 0.672,
                                    "2012": 0.695,
                                    "2013": 0.703,
                                    "2014": 0.741,
                                  }
            }
            deselectCard={undefined}
            location="ACADEMY 20"
            selectCard={undefined}
/>,
        ],
        "className": "comparison-container",
      },
      "ref": null,
      "rendered": Array [
        Object {
          "instance": null,
          "key": "COLORADO",
          "nodeType": "class",
          "props": Object {
            "className": "card clicked",
            "data": Object {
              "2004": 0.24,
              "2005": 0.278,
              "2006": 0.337,
              "2007": 0.395,
              "2008": 0.536,
              "2009": 0.598,
              "2010": 0.64,
              "2011": 0.672,
              "2012": 0.695,
              "2013": 0.703,
              "2014": 0.741,
            },
            "deselectCard": undefined,
            "location": "COLORADO",
            "selectCard": undefined,
          },
          "ref": null,
          "rendered": null,
          "type": [Function],
        },
        false,
        Object {
          "instance": null,
          "key": "ACADEMY 20",
          "nodeType": "class",
          "props": Object {
            "className": "card clicked",
            "data": Object {
              "2004": 0.24,
              "2005": 0.278,
              "2006": 0.337,
              "2007": 0.395,
              "2008": 0.536,
              "2009": 0.598,
              "2010": 0.64,
              "2011": 0.672,
              "2012": 0.695,
              "2013": 0.703,
              "2014": 0.741,
            },
            "deselectCard": undefined,
            "location": "ACADEMY 20",
            "selectCard": undefined,
          },
          "ref": null,
          "rendered": null,
          "type": [Function],
        },
      ],
      "type": "div",
    },
  ],
  Symbol(enzyme.__options__): Object {
    "adapter": ReactSixteenAdapter {
      "options": Object {
        "enableComponentDidUpdateOnSetState": true,
      },
    },
  },
}
`;
